// Jest Snapshot v1, https://goo.gl/fbAQLP

exports[`My Connected React-Redux Component Matches snapshot 1`] = `
<div
  className="widget"
  data-testid="widget"
>
  <div
    className="widget__content content"
    data-testid="content"
  >
    <h3
      className="content__header"
      data-testid="content-header"
    >
      Title
    </h3>
    <div
      className="content__block"
      data-testid="content-block"
    >
      <div
        className="content__row"
        data-testid="container"
      >
        <span
          className="label"
          data-testid="label"
        >
          Name
          :
        </span>
        <span
          className="text"
          data-testid="text"
        >
          Elena Elenova
        </span>
      </div>
      <div
        className="content__row"
        data-testid="container"
      >
        <span
          className="label"
          data-testid="label"
        >
          Team
          :
        </span>
        <span
          className="text"
          data-testid="text"
        >
          X-Rays
        </span>
      </div>
      <div
        className="content__row"
        data-testid="container"
      >
        <span
          className="label"
          data-testid="label"
        >
          Level
          :
        </span>
        <span
          className="text"
          data-testid="text"
        >
          Team Lead
        </span>
      </div>
      <div
        className="content__row"
        data-testid="container"
      >
        <span
          className="label"
          data-testid="label"
        >
          Team Lead
          :
        </span>
        <span
          className="text"
          data-testid="text"
        >
          Elena Elenova
        </span>
      </div>
      <div
        className="content__row"
        data-testid="container"
      >
        <span
          className="label"
          data-testid="label"
        >
          Experience in PV
          :
        </span>
        <span
          className="text"
          data-testid="text"
        >
          3 years 5 months
        </span>
      </div>
    </div>
    <div
      className="content__img"
      data-testid="image-block"
    >
      <img
        alt="user icon"
        data-testid="image"
        src="01_Auditor_icon.png"
      />
    </div>
  </div>
</div>
`;
